{smcl}
{com}{sf}{ul off}{txt}{.-}
      name:  {res}<unnamed>
       {txt}log:  {res}/home/research/ca_ed_lab/users/chesun/gsr/caschls/log/share/siblingvaregs/va_sibling_spec_test_tab.smcl
  {txt}log type:  {res}smcl
 {txt}opened on:  {res}12 Apr 2022, 13:05:39
{txt}
{com}. 
.  //run the do helper file to set the local macros
.  include `vaprojdofiles'/sbac/macros_va.doh
{txt}
{com}. #delimit ;
{txt}delimiter now ;
{com}. *** file paths
> local home $vaprojdir ;
. local ca_ed_lab "/home/research/ca_ed_lab" ;
{txt}
{com}. local k12_test_scores "$vaprojdir/data/restricted_access/clean/k12_test_scores" ;
{txt}
{com}. local public_access "$vaprojdir/data/public_access" ;
{txt}
{com}. local k12_public_schools "$vaprojdir/data/public_access/clean/k12_public_schools" ;
{txt}
{com}. local k12_test_scores_public "$vaprojdir/data/public_access/clean/k12_test_scores" ;
{txt}
{com}. **** Dates ;
. local test_score_min_year
>         2015
>         ;
{txt}
{com}. local test_score_max_year
>         2018
>         ;
{txt}
{com}. local star_min_year
>         2003
>         ;
{txt}
{com}. local star_max_year
>         2013
>         ;
{txt}
{com}. local caaspp_min_year
>         2015
>         ;
{txt}
{com}. local caaspp_max_year
>         2019
>         ;
{txt}
{com}. local outcome_min_year
>         2015
>         ;
{txt}
{com}. local outcome_max_year
>         2018
>         ;
{txt}
{com}. **** Outcome Strings ;
. local ela_str
>         "ELA"
>         ;
{txt}
{com}. local math_str
>         "Math"
>         ;
{txt}
{com}. local enr_str
>         "Enrolled On Time"
>         ;
{txt}
{com}. local enr_2year_str
>         "Enrolled On Time 2-Year"
>         ;
{txt}
{com}. local enr_4year_str
>         "Enrolled On Time 4-Year"
>         ;
{txt}
{com}. **** Value Added ;
. local school_controls
>         /*cohort_size*/
>         ;
{txt}
{com}. local demographic_controls
>         age
>         i.male
>         i.eth_asian i.eth_hispanic i.eth_black i.eth_other
>         i.econ_disadvantage
>         i.limited_eng_prof
>         i.disabled
>         ;
{txt}
{com}. local peer_demographic_controls
>         peer_age
>         peer_male
>         peer_eth_asian peer_eth_hispanic peer_eth_black peer_eth_other
>         peer_econ_disadvantage
>         peer_limited_eng_prof
>         peer_disabled
>         ;
{txt}
{com}. local ela_score_controls
>         i.year#(c.prior_ela_z_score##c.prior_ela_z_score##c.prior_ela_z_score)
>         ;
{txt}
{com}. local peer_ela_score_controls
>         i.year#(c.peer_prior_ela_z_score##c.peer_prior_ela_z_score##c.peer_prior_ela_z_score)
>         ;
{txt}
{com}. local math_score_controls
>         i.year#(c.prior_math_z_score##c.prior_math_z_score##c.prior_math_z_score)
>         ;
{txt}
{com}. local peer_math_score_controls
>         i.year#(c.peer_prior_math_z_score##c.peer_prior_math_z_score##c.peer_prior_math_z_score)
>         ;
{txt}
{com}. local va_control_vars "`school_controls' `demographic_controls'" ;
{txt}
{com}. local va_control_vars : subinstr local va_control_vars "i." "", all ;
{txt}
{com}. local va_control_vars : list uniq va_control_vars ;
{txt}
{com}. local census_grade
>         6
>         ;
{txt}
{com}. local census_controls
>         /*eth_white_pct*/ eth_asian_pct eth_hispanic_pct eth_black_pct /*eth_other_pct*/
>         educ_hs_dropout_prop /*educ_deg_2year_prop*/ educ_deg_4year_plus_prop
>         pov_fam_child_lt18_pct
>         inc_median_hh
>         ;
{txt}
{com}. **** School Characteristics ;
. local sch_chars
>         fte_teach_pc fte_pupil_pc /*fte_admin_pc*/
>         /*eng_learner_staff_pc*/
>         new_teacher_prop
>         /*educ_grad_sch_prop educ_associate_prop*/
>         /*status_tenured_prop*/
>         credential_full_prop
>         /*authorization_stem_prop authorization_ela_prop*/
>         c.male_prop##c.enr_male_prop
>         c.eth_minority_prop##c.enr_minority_prop
>         enr_total
>         ;
{txt}
{com}. local sch_char_vars "`sch_chars'" ;
{txt}
{com}. local sch_char_vars : subinstr local sch_char_vars "i." "", all ;
{txt}
{com}. local sch_char_vars : subinstr local sch_char_vars "c." "", all ;
{txt}
{com}. local sch_char_vars : subinstr local sch_char_vars "##" " ", all ;
{txt}
{com}. local sch_char_vars : subinstr local sch_char_vars "#" " ", all ;
{txt}
{com}. local sch_char_vars : list uniq sch_char_vars ;
{txt}
{com}. local dem_chars
>         enr_male_prop
>         enr_minority_prop
>         frpm_prop el_prop
>         enr_total
>         ;
{txt}
{com}. local dem_char_vars "`dem_chars'" ;
{txt}
{com}. local dem_char_vars : list uniq dem_char_vars ;
{txt}
{com}. local expenditures
>         expenditures_instr_pc
>         expenditures3000_pc
>         expenditures4000_pc
>         expenditures_other_pc
>         expenditures7000_pc
>         ;
{txt}
{com}. local expenditure_vars "`expenditures'" ;
{txt}
{com}. local expenditure_vars : list uniq expenditure_vars ;
{txt}
{com}. local sch_char_control_vars : list sch_char_vars | dem_char_vars ;
{txt}
{com}. local sch_char_control_vars : list sch_char_control_vars | expenditure_vars ;
{txt}
{com}. #delimit cr
{txt}delimiter now cr
{com}. {txt}
{com}. 
.  #delimit ;
{txt}delimiter now ;
{com}.  #delimit cr
{txt}delimiter now cr
{com}.  macro list
{txt}{p 0 16}
eststo_counter:{space 1}{res}{res}4
{p_end}
{txt}{p 0 16}
eststo:{space 9}{res}{res}est1 est2 est3 est4
{p_end}
{txt}{p 0 16}
T_gm_fix_span:{space 2}{res}{res}0
{p_end}
{txt}{p 0 16}
S_4:{space 12}{res}{res}.003900032715465
{p_end}
{txt}{p 0 16}
S_2:{space 12}{res}{res}300
{p_end}
{txt}{p 0 16}
S_3:{space 12}{res}{res}.020595561559967
{p_end}
{txt}{p 0 16}
S_1:{space 12}{res}{res}epanechnikov
{p_end}
{txt}{p 0 16}
vaprojxwalks:{space 3}{res}{res}/home/research/ca_ed_lab/projects/common_core_va/data/restricted_access/clean/crosswalks
{p_end}
{txt}{p 0 16}
mattxwalks:{space 5}{res}{res}/home/research/ca_ed_lab/users/msnaven/data/restricted_access/clean/crosswalks
{p_end}
{txt}{p 0 16}
nscdtadir_oldformat:{break}
{res}/home/research/ca_ed_lab/data/restricted_access/clean/cde_nsc/oldformat
{p_end}
{txt}{p 0 16}
nscdtadir:{space 6}{res}{res}/home/research/ca_ed_lab/data/restricted_access/clean/cde_nsc
{p_end}
{txt}{p 0 16}
cstdtadir:{space 6}{res}{res}/home/research/ca_ed_lab/data/restricted_access/clean//cde/cst
{p_end}
{txt}{p 0 16}
vadtadir:{space 7}{res}{res}/home/research/ca_ed_lab/projects/common_core_va/data/sbac
{p_end}
{txt}{p 0 16}
vaprojdir:{space 6}{res}{res}/home/research/ca_ed_lab/projects/common_core_va
{p_end}
{txt}{p 0 16}
projdir:{space 8}{res}{res}/home/research/ca_ed_lab/users/chesun/gsr/caschls
{p_end}
{txt}{p 0 16}
clndtadir:{space 6}{res}{res}/home/research/ca_ed_lab/data/restricted_access/clean/calschls
{p_end}
{txt}{p 0 16}
rawdtadir:{space 6}{res}{res}/home/research/ca_ed_lab/data/restricted_access/raw/calschls/stata
{p_end}
{txt}{p 0 16}
rawcsvdir:{space 6}{res}{res}/home/research/ca_ed_lab/data/restricted_access/raw/calschls/csv
{p_end}
{txt}{p 0 16}
S_6:{space 12}{res}{res}.7097029923018954
{p_end}
{txt}{p 0 16}
S_5:{space 12}{res}{res}4
{p_end}
{txt}{p 0 16}
ReS_jv2:{space 8}{res}{res}__000006 __000007 __000008 __000009 __00000A __00000B __00000C __00000D __00000E __00000F __00000G __00000H __00000I __00000J __00000K
{p_end}
{txt}{p 0 16}
dropv:{space 10}{res}{res}_cdscode_x
{p_end}
{txt}{p 0 16}
n_offset:{space 7}{res}{res}0
{p_end}
{txt}{p 0 16}
sort:{space 11}{res}{res}0
{p_end}
{txt}{p 0 16}
dots:{space 11}{res}{res}nois _dots 5 0
{p_end}
{txt}{p 0 16}
dotss:{space 10}{res}{res}nois _dots 0, title(Survey results being calculated)
{p_end}
{txt}{p 0 16}
ReS_Call:{space 7}{res}{res}version 16.1:
{p_end}
{txt}{p 0 16}
S_level:{space 8}{res}{res}95
{p_end}
{txt}{p 0 16}
F1:{space 13}{res}{res}help advice;
{p_end}
{txt}{p 0 16}
F2:{space 13}{res}{res}describe;
{p_end}
{txt}{p 0 16}
F7:{space 13}{res}{res}save 
{p_end}
{txt}{p 0 16}
F8:{space 13}{res}{res}use 
{p_end}
{txt}{p 0 16}
S_ADO:{space 10}{res}{res}BASE;SITE;.;PERSONAL;PLUS;OLDPLACE
{p_end}
{txt}{p 0 16}
S_StataMP:{space 6}{res}{res}MP
{p_end}
{txt}{p 0 16}
S_StataSE:{space 6}{res}{res}SE
{p_end}
{txt}{p 0 16}
S_CONSOLE:{space 6}{res}{res}console
{p_end}
{txt}{p 0 16}
S_OS:{space 11}{res}{res}Unix
{p_end}
{txt}{p 0 16}
S_MACH:{space 9}{res}{res}PC (64-bit x86-64)
{p_end}
{txt}{p 0 16}
_sch_char_control_vars:{break}
{res}fte_teach_pc fte_pupil_pc new_teacher_prop credential_full_prop male_prop enr_male_prop eth_minority_prop enr_minority_prop enr_total frpm_prop el_prop expenditures_instr_pc expenditures3000_pc expenditures4000_pc expenditures_other_pc expenditures7000_pc
{p_end}
{txt}{p 0 16}
_expenditure_vars:{break}
{res}expenditures_instr_pc expenditures3000_pc expenditures4000_pc expenditures_other_pc expenditures7000_pc
{p_end}
{txt}{p 0 16}
_expenditures:{space 2}{res}{res}expenditures_instr_pc         expenditures3000_pc         expenditures4000_pc         expenditures_other_pc         expenditures7000_pc
{p_end}
{txt}{p 0 16}
_dem_char_vars:{space 1}{res}{res}enr_male_prop enr_minority_prop frpm_prop el_prop enr_total
{p_end}
{txt}{p 0 16}
_dem_chars:{space 5}{res}{res}enr_male_prop         enr_minority_prop         frpm_prop el_prop         enr_total
{p_end}
{txt}{p 0 16}
_sch_char_vars:{space 1}{res}{res}fte_teach_pc fte_pupil_pc new_teacher_prop credential_full_prop male_prop enr_male_prop eth_minority_prop enr_minority_prop enr_total
{p_end}
{txt}{p 0 16}
_sch_chars:{space 5}{res}{res}fte_teach_pc fte_pupil_pc                   new_teacher_prop                           credential_full_prop                  c.male_prop##c.enr_male_prop         c.eth_minority_prop##c.enr_minority_prop         enr_total
{p_end}
{txt}{p 0 16}
_census_controls:{break}
{res}eth_asian_pct eth_hispanic_pct eth_black_pct          educ_hs_dropout_prop  educ_deg_4year_plus_prop         pov_fam_child_lt18_pct         inc_median_hh
{p_end}
{txt}{p 0 16}
_census_grade:{space 2}{res}{res}6
{p_end}
{txt}{p 0 16}
_va_control_vars:{break}
{res}age male eth_asian eth_hispanic eth_black eth_other econ_disadvantage limited_eng_prof disabled
{p_end}
{txt}{p 0 16}
_peer_math_score_controls:{break}
{res}i.year#(c.peer_prior_math_z_score##c.peer_prior_math_z_score##c.peer_prior_math_z_score)
{p_end}
{txt}{p 0 16}
_math_score_controls:{break}
{res}i.year#(c.prior_math_z_score##c.prior_math_z_score##c.prior_math_z_score)
{p_end}
{txt}{p 0 16}
_peer_ela_score_controls:{break}
{res}i.year#(c.peer_prior_ela_z_score##c.peer_prior_ela_z_score##c.peer_prior_ela_z_score)
{p_end}
{txt}{p 0 16}
_ela_score_controls:{break}
{res}i.year#(c.prior_ela_z_score##c.prior_ela_z_score##c.prior_ela_z_score)
{p_end}
{txt}{p 0 16}
_peer_demographic_controls:{break}
{res}peer_age         peer_male         peer_eth_asian peer_eth_hispanic peer_eth_black peer_eth_other         peer_econ_disadvantage         peer_limited_eng_prof         peer_disabled
{p_end}
{txt}{p 0 16}
_demographic_controls:{break}
{res}age         i.male         i.eth_asian i.eth_hispanic i.eth_black i.eth_other         i.econ_disadvantage         i.limited_eng_prof         i.disabled
{p_end}
{txt}{p 0 16}
_enr_4year_str:{space 1}{res}{res}Enrolled On Time 4-Year
{p_end}
{txt}{p 0 16}
_enr_2year_str:{space 1}{res}{res}Enrolled On Time 2-Year
{p_end}
{txt}{p 0 16}
_enr_str:{space 7}{res}{res}Enrolled On Time
{p_end}
{txt}{p 0 16}
_math_str:{space 6}{res}{res}Math
{p_end}
{txt}{p 0 16}
_ela_str:{space 7}{res}{res}ELA
{p_end}
{txt}{p 0 16}
_outcome_max_year:{break}
{res}2018
{p_end}
{txt}{p 0 16}
_outcome_min_year:{break}
{res}2015
{p_end}
{txt}{p 0 16}
_caaspp_max_year:{break}
{res}2019
{p_end}
{txt}{p 0 16}
_caaspp_min_year:{break}
{res}2015
{p_end}
{txt}{p 0 16}
_star_max_year:{space 1}{res}{res}2013
{p_end}
{txt}{p 0 16}
_star_min_year:{space 1}{res}{res}2003
{p_end}
{txt}{p 0 16}
_test_score_max_year:{break}
{res}2018
{p_end}
{txt}{p 0 16}
_test_score_min_year:{break}
{res}2015
{p_end}
{txt}{p 0 16}
_k12_test_scores_public:{break}
{res}/home/research/ca_ed_lab/projects/common_core_va/data/public_access/clean/k12_test_scores
{p_end}
{txt}{p 0 16}
_k12_public_schools:{break}
{res}/home/research/ca_ed_lab/projects/common_core_va/data/public_access/clean/k12_public_schools
{p_end}
{txt}{p 0 16}
_public_access:{space 1}{res}{res}/home/research/ca_ed_lab/projects/common_core_va/data/public_access
{p_end}
{txt}{p 0 16}
_k12_test_scores:{break}
{res}/home/research/ca_ed_lab/projects/common_core_va/data/restricted_access/clean/k12_test_scores
{p_end}
{txt}{p 0 16}
_ca_ed_lab:{space 5}{res}{res}/home/research/ca_ed_lab
{p_end}
{txt}{p 0 16}
_enr_4year_fb_va_sibling:{break}
{res}/home/research/ca_ed_lab/users/chesun/gsr/caschls/est/siblingvaregs/outcome_va/fb_test_va_cfr_g11_enr_4year_sibling.ster
{p_end}
{txt}{p 0 16}
_enr_4year_spec_va_sibling_peer:{break}
{res}/home/research/ca_ed_lab/users/chesun/gsr/caschls/est/siblingvaregs/outcome_va/spec_test_va_cfr_g11_enr_4year_peer_sibling.ster
{p_end}
{txt}{p 0 16}
_enr_4year_spec_va_sibling:{break}
{res}/home/research/ca_ed_lab/users/chesun/gsr/caschls/est/siblingvaregs/outcome_va/spec_test_va_cfr_g11_enr_4year_sibling.ster
{p_end}
{txt}{p 0 16}
_enr_4year_spec_va_sibling_og:{break}
{res}/home/research/ca_ed_lab/users/chesun/gsr/caschls/est/siblingvaregs/outcome_va/spec_test_va_cfr_g11_enr_4year_sibling_nocontrol.ster
{p_end}
{txt}{p 0 16}
_enr_4year_va_dta_sibling:{break}
{res}/home/research/ca_ed_lab/users/chesun/gsr/caschls/dta/common_core_va/outcome_va/va_g11_enr_4year_sibling.dta
{p_end}
{txt}{p 0 16}
_enr_4year_fb_va_census:{break}
{res}/home/research/ca_ed_lab/projects/common_core_va/estimates/sbac/bias_test_va_cfr_g11_enr_4year_census.ster
{p_end}
{txt}{p 0 16}
_enr_4year_spec_va_census_peer:{break}
{res}vaprojdir/estimates/sbac/bias_spec_test_va_cfr_g11_enr_4year_census_peer.ster
{p_end}
{txt}{p 0 16}
_enr_4year_spec_va_census:{break}
{res}/home/research/ca_ed_lab/projects/common_core_va/estimates/sbac/bias_spec_test_va_cfr_g11_enr_4year_census.ster
{p_end}
{txt}{p 0 16}
_enr_4year_va_dta_census:{break}
{res}/home/research/ca_ed_lab/projects/common_core_va/data/sbac/bias_va_g11_enr_4year_census.dta
{p_end}
{txt}{p 0 16}
_enr_4year_fb_va_l4:{break}
{res}/home/research/ca_ed_lab/projects/common_core_va/estimates/sbac/bias_test_va_cfr_g11_enr_4year_L4_cst_ela_z_score.ster
{p_end}
{txt}{p 0 16}
_enr_4year_spec_va_l4_peer:{break}
{res}/home/research/ca_ed_lab/projects/common_core_va/estimates/sbac/bias_spec_test_va_cfr_g11_enr_4year_L4_cst_ela_z_score_peer.ster
{p_end}
{txt}{p 0 16}
_enr_4year_spec_va_l4:{break}
{res}/home/research/ca_ed_lab/projects/common_core_va/estimates/sbac/bias_spec_test_va_cfr_g11_enr_4year_L4_cst_ela_z_score.ster
{p_end}
{txt}{p 0 16}
_enr_4year_va_dta_l4:{break}
{res}/home/research/ca_ed_lab/projects/common_core_va/data/sbac/bias_va_g11_enr_4year_L4_cst_ela_z_score.dta
{p_end}
{txt}{p 0 16}
_enr_4year_spec_va_peer:{break}
{res}/home/research/ca_ed_lab/projects/common_core_va/estimates/sbac/spec_test_va_cfr_g11_enr_4year_peer.ster
{p_end}
{txt}{p 0 16}
_enr_4year_spec_va:{break}
{res}/home/research/ca_ed_lab/projects/common_core_va/estimates/sbac/spec_test_va_cfr_g11_enr_4year.ster
{p_end}
{txt}{p 0 16}
_enr_4year_va_dta:{break}
{res}/home/research/ca_ed_lab/projects/common_core_va/data/sbac/va_g11_enr_4year.dta, replace
{p_end}
{txt}{p 0 16}
_enr_2year_fb_va_sibling:{break}
{res}/home/research/ca_ed_lab/users/chesun/gsr/caschls/est/siblingvaregs/outcome_va/fb_test_va_cfr_g11_enr_2year_sibling.ster
{p_end}
{txt}{p 0 16}
_enr_2year_spec_va_sibling_peer:{break}
{res}/home/research/ca_ed_lab/users/chesun/gsr/caschls/est/siblingvaregs/outcome_va/spec_test_va_cfr_g11_enr_2year_peer_sibling.ster
{p_end}
{txt}{p 0 16}
_enr_2year_spec_va_sibling:{break}
{res}/home/research/ca_ed_lab/users/chesun/gsr/caschls/est/siblingvaregs/outcome_va/spec_test_va_cfr_g11_enr_2year_sibling.ster
{p_end}
{txt}{p 0 16}
_enr_2year_spec_va_sibling_og:{break}
{res}/home/research/ca_ed_lab/users/chesun/gsr/caschls/est/siblingvaregs/outcome_va/spec_test_va_cfr_g11_enr_2year_sibling_nocontrol.ster
{p_end}
{txt}{p 0 16}
_enr_2year_va_dta_sibling:{break}
{res}/home/research/ca_ed_lab/users/chesun/gsr/caschls/dta/common_core_va/outcome_va/va_g11_enr_2year_sibling.dta
{p_end}
{txt}{p 0 16}
_enr_2year_fb_va_census:{break}
{res}/home/research/ca_ed_lab/projects/common_core_va/estimates/sbac/bias_test_va_cfr_g11_enr_2year_census.ster
{p_end}
{txt}{p 0 16}
_enr_2year_spec_va_census_peer:{break}
{res}vaprojdir/estimates/sbac/bias_spec_test_va_cfr_g11_enr_2year_census_peer.ster
{p_end}
{txt}{p 0 16}
_enr_2year_spec_va_census:{break}
{res}/home/research/ca_ed_lab/projects/common_core_va/estimates/sbac/bias_spec_test_va_cfr_g11_enr_2year_census.ster
{p_end}
{txt}{p 0 16}
_enr_2year_va_dta_census:{break}
{res}/home/research/ca_ed_lab/projects/common_core_va/data/sbac/bias_va_g11_enr_2year_census.dta
{p_end}
{txt}{p 0 16}
_enr_2year_fb_va_l4:{break}
{res}/home/research/ca_ed_lab/projects/common_core_va/estimates/sbac/bias_test_va_cfr_g11_enr_2year_L4_cst_ela_z_score.ster
{p_end}
{txt}{p 0 16}
_enr_2year_spec_va_l4_peer:{break}
{res}/home/research/ca_ed_lab/projects/common_core_va/estimates/sbac/bias_spec_test_va_cfr_g11_enr_2year_L4_cst_ela_z_score_peer.ster
{p_end}
{txt}{p 0 16}
_enr_2year_spec_va_l4:{break}
{res}/home/research/ca_ed_lab/projects/common_core_va/estimates/sbac/bias_spec_test_va_cfr_g11_enr_2year_L4_cst_ela_z_score.ster
{p_end}
{txt}{p 0 16}
_enr_2year_va_dta_l4:{break}
{res}/home/research/ca_ed_lab/projects/common_core_va/data/sbac/bias_va_g11_enr_2year_L4_cst_ela_z_score.dta
{p_end}
{txt}{p 0 16}
_enr_2year_spec_va_peer:{break}
{res}/home/research/ca_ed_lab/projects/common_core_va/estimates/sbac/spec_test_va_cfr_g11_enr_2year_peer.ster
{p_end}
{txt}{p 0 16}
_enr_2year_spec_va:{break}
{res}/home/research/ca_ed_lab/projects/common_core_va/estimates/sbac/spec_test_va_cfr_g11_enr_2year.ster
{p_end}
{txt}{p 0 16}
_enr_2year_va_dta:{break}
{res}/home/research/ca_ed_lab/projects/common_core_va/data/sbac/va_g11_enr_2year.dta, replace
{p_end}
{txt}{p 0 16}
_enr_fb_va_sibling:{break}
{res}/home/research/ca_ed_lab/users/chesun/gsr/caschls/est/siblingvaregs/outcome_va/fb_test_va_cfr_g11_enr_sibling.ster
{p_end}
{txt}{p 0 16}
_enr_spec_va_sibling_peer:{break}
{res}/home/research/ca_ed_lab/users/chesun/gsr/caschls/est/siblingvaregs/outcome_va/spec_test_va_cfr_g11_enr_peer_sibling.ster
{p_end}
{txt}{p 0 16}
_enr_spec_va_sibling:{break}
{res}/home/research/ca_ed_lab/users/chesun/gsr/caschls/est/siblingvaregs/outcome_va/spec_test_va_cfr_g11_enr_sibling.ster
{p_end}
{txt}{p 0 16}
_enr_spec_va_sibling_og:{break}
{res}/home/research/ca_ed_lab/users/chesun/gsr/caschls/est/siblingvaregs/outcome_va/spec_test_va_cfr_g11_enr_sibling_nocontrol.ster
{p_end}
{txt}{p 0 16}
_enr_va_dta_sibling:{break}
{res}/home/research/ca_ed_lab/users/chesun/gsr/caschls/dta/common_core_va/outcome_va/va_g11_enr_sibling.dta
{p_end}
{txt}{p 0 16}
_enr_fb_va_census:{break}
{res}/home/research/ca_ed_lab/projects/common_core_va/estimates/sbac/bias_test_va_cfr_g11_enr_census.ster
{p_end}
{txt}{p 0 16}
_enr_spec_va_census_peer:{break}
{res}vaprojdir/estimates/sbac/bias_spec_test_va_cfr_g11_enr_census_peer.ster
{p_end}
{txt}{p 0 16}
_enr_spec_va_census:{break}
{res}/home/research/ca_ed_lab/projects/common_core_va/estimates/sbac/bias_spec_test_va_cfr_g11_enr_census.ster
{p_end}
{txt}{p 0 16}
_enr_va_dta_census:{break}
{res}/home/research/ca_ed_lab/projects/common_core_va/data/sbac/bias_va_g11_enr_census.dta
{p_end}
{txt}{p 0 16}
_enr_fb_va_l4:{space 2}{res}{res}/home/research/ca_ed_lab/projects/common_core_va/estimates/sbac/bias_test_va_cfr_g11_enr_L4_cst_ela_z_score.ster
{p_end}
{txt}{p 0 16}
_enr_spec_va_l4_peer:{break}
{res}/home/research/ca_ed_lab/projects/common_core_va/estimates/sbac/bias_spec_test_va_cfr_g11_enr_L4_cst_ela_z_score_peer.ster
{p_end}
{txt}{p 0 16}
_enr_spec_va_l4:{break}
{res}/home/research/ca_ed_lab/projects/common_core_va/estimates/sbac/bias_spec_test_va_cfr_g11_enr_L4_cst_ela_z_score.ster
{p_end}
{txt}{p 0 16}
_enr_va_dta_l4:{space 1}{res}{res}/home/research/ca_ed_lab/projects/common_core_va/data/sbac/bias_va_g11_enr_L4_cst_ela_z_score.dta
{p_end}
{txt}{p 0 16}
_enr_spec_va_peer:{break}
{res}/home/research/ca_ed_lab/projects/common_core_va/estimates/sbac/spec_test_va_cfr_g11_enr_peer.ster
{p_end}
{txt}{p 0 16}
_enr_spec_va:{space 3}{res}{res}/home/research/ca_ed_lab/projects/common_core_va/estimates/sbac/spec_test_va_cfr_g11_enr.ster
{p_end}
{txt}{p 0 16}
_enr_va_dta:{space 4}{res}{res}/home/research/ca_ed_lab/projects/common_core_va/data/sbac/va_g11_enr.dta, replace
{p_end}
{txt}{p 0 16}
_math_fb_va_sibling:{break}
{res}/home/research/ca_ed_lab/users/chesun/gsr/caschls/est/siblingvaregs/test_score_va/fb_test_va_cfr_g11_math_sibling.ster
{p_end}
{txt}{p 0 16}
_math_spec_va_sibling_peer:{break}
{res}/home/research/ca_ed_lab/users/chesun/gsr/caschls/est/siblingvaregs/test_score_va/spec_test_va_cfr_g11_math_peer_sibling.ster
{p_end}
{txt}{p 0 16}
_math_spec_va_sibling:{break}
{res}/home/research/ca_ed_lab/users/chesun/gsr/caschls/est/siblingvaregs/test_score_va/spec_test_va_cfr_g11_math_sibling.ster
{p_end}
{txt}{p 0 16}
_math_spec_va_sibling_og:{break}
{res}/home/research/ca_ed_lab/users/chesun/gsr/caschls/est/siblingvaregs/test_score_va/spec_test_va_cfr_g11_math_sibling_nocontrol.ster
{p_end}
{txt}{p 0 16}
_math_va_dta_sibling:{break}
{res}/home/research/ca_ed_lab/users/chesun/gsr/caschls/dta/common_core_va/test_score_va/va_g11_math_sibling.dta
{p_end}
{txt}{p 0 16}
_math_fb_va_census:{break}
{res}/home/research/ca_ed_lab/projects/common_core_va/estimates/sbac/bias_test_va_cfr_g11_math_census.ster
{p_end}
{txt}{p 0 16}
_math_spec_va_census_peer:{break}
{res}vaprojdir/estimates/sbac/bias_spec_test_va_cfr_g11_math_census_peer.ster
{p_end}
{txt}{p 0 16}
_math_spec_va_census:{break}
{res}/home/research/ca_ed_lab/projects/common_core_va/estimates/sbac/bias_spec_test_va_cfr_g11_math_census.ster
{p_end}
{txt}{p 0 16}
_math_va_dta_census:{break}
{res}/home/research/ca_ed_lab/projects/common_core_va/data/sbac/bias_va_g11_math_census.dta
{p_end}
{txt}{p 0 16}
_math_fb_va_l4:{space 1}{res}{res}/home/research/ca_ed_lab/projects/common_core_va/estimates/sbac/bias_test_va_cfr_g11_math_L4_cst_ela_z_score.ster
{p_end}
{txt}{p 0 16}
_math_spec_va_l4_peer:{break}
{res}/home/research/ca_ed_lab/projects/common_core_va/estimates/sbac/bias_spec_test_va_cfr_g11_math_L4_cst_ela_z_score_peer.ster
{p_end}
{txt}{p 0 16}
_math_spec_va_l4:{break}
{res}/home/research/ca_ed_lab/projects/common_core_va/estimates/sbac/bias_spec_test_va_cfr_g11_math_L4_cst_ela_z_score.ster
{p_end}
{txt}{p 0 16}
_math_va_dta_l4:{break}
{res}/home/research/ca_ed_lab/projects/common_core_va/data/sbac/bias_va_g11_math_L4_cst_ela_z_score.dta
{p_end}
{txt}{p 0 16}
_math_spec_va_peer:{break}
{res}/home/research/ca_ed_lab/projects/common_core_va/estimates/sbac/spec_test_va_cfr_g11_math_peer.ster
{p_end}
{txt}{p 0 16}
_math_spec_va:{space 2}{res}{res}/home/research/ca_ed_lab/projects/common_core_va/estimates/sbac/spec_test_va_cfr_g11_math.ster
{p_end}
{txt}{p 0 16}
_math_va_dta:{space 3}{res}{res}/home/research/ca_ed_lab/projects/common_core_va/data/sbac/va_g11_math.dta, replace
{p_end}
{txt}{p 0 16}
_ela_fb_va_sibling:{break}
{res}/home/research/ca_ed_lab/users/chesun/gsr/caschls/est/siblingvaregs/test_score_va/fb_test_va_cfr_g11_ela_sibling.ster
{p_end}
{txt}{p 0 16}
_ela_spec_va_sibling_peer:{break}
{res}/home/research/ca_ed_lab/users/chesun/gsr/caschls/est/siblingvaregs/test_score_va/spec_test_va_cfr_g11_ela_peer_sibling.ster
{p_end}
{txt}{p 0 16}
_ela_spec_va_sibling:{break}
{res}/home/research/ca_ed_lab/users/chesun/gsr/caschls/est/siblingvaregs/test_score_va/spec_test_va_cfr_g11_ela_sibling.ster
{p_end}
{txt}{p 0 16}
_ela_spec_va_sibling_og:{break}
{res}/home/research/ca_ed_lab/users/chesun/gsr/caschls/est/siblingvaregs/test_score_va/spec_test_va_cfr_g11_ela_sibling_nocontrol.ster
{p_end}
{txt}{p 0 16}
_ela_va_dta_sibling:{break}
{res}/home/research/ca_ed_lab/users/chesun/gsr/caschls/dta/common_core_va/test_score_va/va_g11_ela_sibling.dta
{p_end}
{txt}{p 0 16}
_ela_fb_va_census:{break}
{res}/home/research/ca_ed_lab/projects/common_core_va/estimates/sbac/bias_test_va_cfr_g11_ela_census.ster
{p_end}
{txt}{p 0 16}
_ela_spec_va_census_peer:{break}
{res}vaprojdir/estimates/sbac/bias_spec_test_va_cfr_g11_ela_census_peer.ster
{p_end}
{txt}{p 0 16}
_ela_spec_va_census:{break}
{res}/home/research/ca_ed_lab/projects/common_core_va/estimates/sbac/bias_spec_test_va_cfr_g11_ela_census.ster
{p_end}
{txt}{p 0 16}
_ela_va_dta_census:{break}
{res}/home/research/ca_ed_lab/projects/common_core_va/data/sbac/bias_va_g11_ela_census.dta
{p_end}
{txt}{p 0 16}
_ela_fb_va_l4:{space 2}{res}{res}/home/research/ca_ed_lab/projects/common_core_va/estimates/sbac/bias_test_va_cfr_g11_ela_L4_cst_ela_z_score.ster
{p_end}
{txt}{p 0 16}
_ela_spec_va_l4_peer:{break}
{res}/home/research/ca_ed_lab/projects/common_core_va/estimates/sbac/bias_spec_test_va_cfr_g11_ela_L4_cst_ela_z_score_peer.ster
{p_end}
{txt}{p 0 16}
_ela_spec_va_l4:{break}
{res}/home/research/ca_ed_lab/projects/common_core_va/estimates/sbac/bias_spec_test_va_cfr_g11_ela_L4_cst_ela_z_score.ster
{p_end}
{txt}{p 0 16}
_ela_va_dta_l4:{space 1}{res}{res}/home/research/ca_ed_lab/projects/common_core_va/data/sbac/bias_va_g11_ela_L4_cst_ela_z_score.dta
{p_end}
{txt}{p 0 16}
_ela_spec_va_peer:{break}
{res}/home/research/ca_ed_lab/projects/common_core_va/estimates/sbac/spec_test_va_cfr_g11_ela_peer.ster
{p_end}
{txt}{p 0 16}
_ela_spec_va:{space 3}{res}{res}/home/research/ca_ed_lab/projects/common_core_va/estimates/sbac/spec_test_va_cfr_g11_ela.ster
{p_end}
{txt}{p 0 16}
_ela_va_dta:{space 4}{res}{res}/home/research/ca_ed_lab/projects/common_core_va/data/sbac/va_g11_ela.dta, replace
{p_end}
{txt}{p 0 16}
_sibling_out_xwalk:{break}
{res}/home/research/ca_ed_lab/users/chesun/gsr/caschls/dta/siblingxwalk/sibling_out_xwalk
{p_end}
{txt}{p 0 16}
_k12_postsecondary_out_merge:{break}
{res}/home/research/ca_ed_lab/users/chesun/gsr/caschls/dta/common_core_va/k12_postsecondary_out_merge
{p_end}
{txt}{p 0 16}
_ufamilyxwalk:{space 2}{res}{res}/home/research/ca_ed_lab/users/chesun/gsr/caschls/dta/siblingxwalk/ufamilyxwalk
{p_end}
{txt}{p 0 16}
_siblingxwalk:{space 2}{res}{res}/home/research/ca_ed_lab/users/chesun/gsr/caschls/dta/siblingxwalk/siblingpairxwalk
{p_end}
{txt}{p 0 16}
_va_g11_out_dataset:{break}
{res}/home/research/ca_ed_lab/users/chesun/gsr/caschls/dta/common_core_va/va_g11_out_dataset
{p_end}
{txt}{p 0 16}
_va_g11_dataset:{break}
{res}/home/research/ca_ed_lab/users/chesun/gsr/caschls/dta/common_core_va/va_g11_dataset
{p_end}
{txt}{p 0 16}
_va_dataset:{space 4}{res}{res}/home/research/ca_ed_lab/users/chesun/gsr/caschls/dta/common_core_va/va_dataset
{p_end}
{txt}{p 0 16}
_vaprojdofiles:{space 1}{res}{res}/home/research/ca_ed_lab/projects/common_core_va/do_files
{p_end}
{txt}
{com}. 
. 
.  timer on 1
{txt}
{com}. 
. 
. 
. ********************************************************************************
. ********* test score VA Spec test table without peer controls
. 
. 
. 
. foreach subject in ela math {c -(}
{txt}  2{com}.   //original VA, original sample
.   estimates use ``subject'_spec_va'
{txt}  3{com}.   eststo
{txt}  4{com}.   test _b[va_cfr_g11_`subject'] = 1
{txt}  5{com}.   matrix test_p = r(p)
{txt}  6{com}.   matrix rownames test_p = pvalue
{txt}  7{com}.   matrix colnames test_p = va_cfr_g11_`subject'
{txt}  8{com}.   estadd matrix test_p = test_p
{txt}  9{com}. 
. 
.   //original VA, leave out var L4 test score sample
.   estimates use ``subject'_spec_va_l4'
{txt} 10{com}.   eststo
{txt} 11{com}.   test _b[va_cfr_g11_`subject'] = 1
{txt} 12{com}.   matrix test_p = r(p)
{txt} 13{com}.   matrix rownames test_p = pvalue
{txt} 14{com}.   matrix colnames test_p = va_cfr_g11_`subject'
{txt} 15{com}.   estadd matrix test_p = test_p
{txt} 16{com}. 
. 
.   //original VA, leave out census tract sample
.   estimates use ``subject'_spec_va_census'
{txt} 17{com}.   eststo
{txt} 18{com}.   test _b[va_cfr_g11_`subject'] = 1
{txt} 19{com}.   matrix test_p = r(p)
{txt} 20{com}.   matrix rownames test_p = pvalue
{txt} 21{com}.   matrix colnames test_p = va_cfr_g11_`subject'
{txt} 22{com}.   estadd matrix test_p = test_p
{txt} 23{com}. 
. 
.   //original VA, sibling sample
.   estimates use ``subject'_spec_va_sibling_og'
{txt} 24{com}.   eststo
{txt} 25{com}.   test _b[va_cfr_g11_`subject'] = 1
{txt} 26{com}.   matrix test_p = r(p)
{txt} 27{com}.   matrix rownames test_p = pvalue
{txt} 28{com}.   matrix colnames test_p = va_cfr_g11_`subject'
{txt} 29{com}.   estadd matrix test_p = test_p
{txt} 30{com}. 
. 
.   //sibling VA, sibling sample
.   estimates use ``subject'_spec_va_sibling'
{txt} 31{com}.   eststo
{txt} 32{com}.   test _b[va_cfr_g11_`subject'] = 1
{txt} 33{com}.   matrix test_p = r(p)
{txt} 34{com}.   matrix rownames test_p = pvalue
{txt} 35{com}.   matrix colnames test_p = va_cfr_g11_`subject'
{txt} 36{com}.   estadd matrix test_p = test_p
{txt} 37{com}. 
. 
.   esttab using $projdir/out/csv/siblingvaregs/spec_test/spec_test_`subject'.csv ///
>   , replace nonumbers  ///
>   cells(b(fmt(%5.3f) pvalue(test_p) star) se(fmt(%4.3f) par)) ///
>   mtitles("Original" "L4 Score Sample" "Census Sample" "Sibling Sample" "Sibling Controls") ///
>   title("Spec Tests for ``subject'_str' VA")
{txt} 38{com}. 
.   eststo clear
{txt} 39{com}. 
. {c )-}
{res}{txt}({res}est1{txt} stored)

{p 0 7}{space 1}{text:( 1)}{space 1} {res}va_cfr_g11_ela = 1{p_end}

{txt}       F(  1,  1280) ={res}    2.04
{txt}{col 13}Prob > F ={res}    0.1537

{txt}added matrix:
             e(test_p) :  {res}1 x 1
{txt}({res}est2{txt} stored)

{p 0 7}{space 1}{text:( 1)}{space 1} {res}va_cfr_g11_ela = 1{p_end}

{txt}       F(  1,  1236) ={res}    7.43
{txt}{col 13}Prob > F ={res}    0.0065

{txt}added matrix:
             e(test_p) :  {res}1 x 1
{txt}({res}est3{txt} stored)

{p 0 7}{space 1}{text:( 1)}{space 1} {res}va_cfr_g11_ela = 1{p_end}

{txt}       F(  1,  1265) ={res}    0.20
{txt}{col 13}Prob > F ={res}    0.6580

{txt}added matrix:
             e(test_p) :  {res}1 x 1
{txt}({res}est4{txt} stored)

{p 0 7}{space 1}{text:( 1)}{space 1} {res}va_cfr_g11_ela = 1{p_end}

{txt}       F(  1,  1275) ={res}    0.71
{txt}{col 13}Prob > F ={res}    0.4006

{txt}added matrix:
             e(test_p) :  {res}1 x 1
{txt}({res}est5{txt} stored)

{p 0 7}{space 1}{text:( 1)}{space 1} {res}va_cfr_g11_ela = 1{p_end}

{txt}       F(  1,  1275) ={res}    0.71
{txt}{col 13}Prob > F ={res}    0.3982

{txt}added matrix:
             e(test_p) :  {res}1 x 1
{txt}(output written to {browse  `"/home/research/ca_ed_lab/users/chesun/gsr/caschls/out/csv/siblingvaregs/spec_test/spec_test_ela.csv"'})
{res}{txt}({res}est1{txt} stored)

{p 0 7}{space 1}{text:( 1)}{space 1} {res}va_cfr_g11_math = 1{p_end}

{txt}       F(  1,  1279) ={res}   17.07
{txt}{col 13}Prob > F ={res}    0.0000

{txt}added matrix:
             e(test_p) :  {res}1 x 1
{txt}({res}est2{txt} stored)

{p 0 7}{space 1}{text:( 1)}{space 1} {res}va_cfr_g11_math = 1{p_end}

{txt}       F(  1,  1235) ={res}   12.67
{txt}{col 13}Prob > F ={res}    0.0004

{txt}added matrix:
             e(test_p) :  {res}1 x 1
{txt}({res}est3{txt} stored)

{p 0 7}{space 1}{text:( 1)}{space 1} {res}va_cfr_g11_math = 1{p_end}

{txt}       F(  1,  1263) ={res}    3.22
{txt}{col 13}Prob > F ={res}    0.0730

{txt}added matrix:
             e(test_p) :  {res}1 x 1
{txt}({res}est4{txt} stored)

{p 0 7}{space 1}{text:( 1)}{space 1} {res}va_cfr_g11_math = 1{p_end}

{txt}       F(  1,  1273) ={res}    4.33
{txt}{col 13}Prob > F ={res}    0.0376

{txt}added matrix:
             e(test_p) :  {res}1 x 1
{txt}({res}est5{txt} stored)

{p 0 7}{space 1}{text:( 1)}{space 1} {res}va_cfr_g11_math = 1{p_end}

{txt}       F(  1,  1273) ={res}    4.44
{txt}{col 13}Prob > F ={res}    0.0354

{txt}added matrix:
             e(test_p) :  {res}1 x 1
{txt}(output written to {browse  `"/home/research/ca_ed_lab/users/chesun/gsr/caschls/out/csv/siblingvaregs/spec_test/spec_test_math.csv"'})

{com}. 
. 
. 
. 
. 
. ********************************************************************************
. ********* enrollment VA Spec test table without peer controls
. foreach outcome in enr enr_2year enr_4year  {c -(}
{txt}  2{com}.   //original VA, original sample
.   estimates use ``outcome'_spec_va'
{txt}  3{com}.   eststo
{txt}  4{com}.   test _b[va_cfr_g11_`outcome'] = 1
{txt}  5{com}.   matrix test_p = r(p)
{txt}  6{com}.   matrix rownames test_p = pvalue
{txt}  7{com}.   matrix colnames test_p = va_cfr_g11_`outcome'
{txt}  8{com}.   estadd matrix test_p = test_p
{txt}  9{com}. 
.   //original VA, leave out var L4 test score sample
.   estimates use ``outcome'_spec_va_l4'
{txt} 10{com}.   eststo
{txt} 11{com}.   test _b[va_cfr_g11_`outcome'] = 1
{txt} 12{com}.   matrix test_p = r(p)
{txt} 13{com}.   matrix rownames test_p = pvalue
{txt} 14{com}.   matrix colnames test_p = va_cfr_g11_`outcome'
{txt} 15{com}.   estadd matrix test_p = test_p
{txt} 16{com}. 
.   //original VA, leave out census tract sample
.   estimates use ``outcome'_spec_va_census'
{txt} 17{com}.   eststo
{txt} 18{com}.   test _b[va_cfr_g11_`outcome'] = 1
{txt} 19{com}.   matrix test_p = r(p)
{txt} 20{com}.   matrix rownames test_p = pvalue
{txt} 21{com}.   matrix colnames test_p = va_cfr_g11_`outcome'
{txt} 22{com}.   estadd matrix test_p = test_p
{txt} 23{com}. 
.   //original VA, sibling sample
.   estimates use ``outcome'_spec_va_sibling_og'
{txt} 24{com}.   eststo
{txt} 25{com}.   test _b[va_cfr_g11_`outcome'] = 1
{txt} 26{com}.   matrix test_p = r(p)
{txt} 27{com}.   matrix rownames test_p = pvalue
{txt} 28{com}.   matrix colnames test_p = va_cfr_g11_`outcome'
{txt} 29{com}.   estadd matrix test_p = test_p
{txt} 30{com}. 
.   //sibling VA, sibling sample
.   estimates use ``outcome'_spec_va_sibling'
{txt} 31{com}.   eststo
{txt} 32{com}.   test _b[va_cfr_g11_`outcome'] = 1
{txt} 33{com}.   matrix test_p = r(p)
{txt} 34{com}.   matrix rownames test_p = pvalue
{txt} 35{com}.   matrix colnames test_p = va_cfr_g11_`outcome'
{txt} 36{com}.   estadd matrix test_p = test_p
{txt} 37{com}. 
. 
.   esttab using $projdir/out/csv/siblingvaregs/spec_test/spec_test_`outcome'.csv ///
>   , replace nonumbers  ///
>   cells(b(fmt(%5.3f) pvalue(test_p) star) se(fmt(%4.3f) par)) ///
>   mtitles("Original" "L4 Score Sample" "Census Sample" "Sibling Sample" "Sibling Controls") ///
>   title("Spec Tests for ``outcome'_str' VA")
{txt} 38{com}. 
.   eststo clear
{txt} 39{com}. 
. {c )-}
{res}{txt}({res}est1{txt} stored)

{p 0 7}{space 1}{text:( 1)}{space 1} {res}va_cfr_g11_enr = 1{p_end}

{txt}       F(  1,  1281) ={res}    9.08
{txt}{col 13}Prob > F ={res}    0.0026

{txt}added matrix:
             e(test_p) :  {res}1 x 1
{txt}({res}est2{txt} stored)

{p 0 7}{space 1}{text:( 1)}{space 1} {res}va_cfr_g11_enr = 1{p_end}

{txt}       F(  1,  1224) ={res}    0.00
{txt}{col 13}Prob > F ={res}    0.9567

{txt}added matrix:
             e(test_p) :  {res}1 x 1
{txt}({res}est3{txt} stored)

{p 0 7}{space 1}{text:( 1)}{space 1} {res}va_cfr_g11_enr = 1{p_end}

{txt}       F(  1,  1286) ={res}    7.28
{txt}{col 13}Prob > F ={res}    0.0071

{txt}added matrix:
             e(test_p) :  {res}1 x 1
{txt}({res}est4{txt} stored)
{err}[va_cfr_g11_enr] not found
{txt}{search r(111), local:r(111);}

end of do-file

{search r(111), local:r(111);}

{com}. log close
      {txt}name:  {res}<unnamed>
       {txt}log:  {res}/home/research/ca_ed_lab/users/chesun/gsr/caschls/log/share/siblingvaregs/va_sibling_spec_test_tab.smcl
  {txt}log type:  {res}smcl
 {txt}closed on:  {res}12 Apr 2022, 13:07:17
{txt}{.-}
{smcl}
{txt}{sf}{ul off}