{smcl}
{com}{sf}{ul off}{txt}{.-}
      name:  {res}<unnamed>
       {txt}log:  {res}/home/research/ca_ed_lab/chesun/gsr/caschls/log/share/siblingvaregs/va_sibling_out_spec_test_tab.smcl
  {txt}log type:  {res}smcl
 {txt}opened on:  {res}10 Nov 2021, 16:03:37
{txt}
{com}. 
.  //include macros
.  include do_files/sbac/macros_va.doh
{txt}
{com}. #delimit ;
{txt}delimiter now ;
{com}. local test_score_min_year
>         2015
>         ;
{txt}
{com}. local test_score_max_year
>         2019
>         ;
{txt}
{com}. local star_min_year
>         2003
>         ;
{txt}
{com}. local star_max_year
>         2013
>         ;
{txt}
{com}. local caaspp_min_year
>         2015
>         ;
{txt}
{com}. local caaspp_max_year
>         2019
>         ;
{txt}
{com}. local outcome_min_year
>         2015
>         ;
{txt}
{com}. local outcome_max_year
>         2018
>         ;
{txt}
{com}. local ela_str
>         "ELA"
>         ;
{txt}
{com}. local math_str
>         "Math"
>         ;
{txt}
{com}. local enr_str
>         "Enrolled On Time"
>         ;
{txt}
{com}. local enr_2year_str
>         "Enrolled On Time 2-Year"
>         ;
{txt}
{com}. local enr_4year_str
>         "Enrolled On Time 4-Year"
>         ;
{txt}
{com}. local school_controls
>         /*cohort_size*/
>         ;
{txt}
{com}. local demographic_controls
>         age
>         i.male
>         i.eth_asian i.eth_hispanic i.eth_black i.eth_other
>         i.econ_disadvantage
>         i.limited_eng_prof
>         i.disabled
>         ;
{txt}
{com}. local peer_demographic_controls
>         peer_age
>         peer_male
>         peer_eth_asian peer_eth_hispanic peer_eth_black peer_eth_other
>         peer_econ_disadvantage
>         peer_limited_eng_prof
>         peer_disabled
>         ;
{txt}
{com}. local ela_score_controls
>         i.year#(c.prior_ela_z_score##c.prior_ela_z_score##c.prior_ela_z_score)
>         ;
{txt}
{com}. local peer_ela_score_controls
>         i.year#(c.peer_prior_ela_z_score##c.peer_prior_ela_z_score##c.peer_prior_ela_z_score)
>         ;
{txt}
{com}. local math_score_controls
>         i.year#(c.prior_math_z_score##c.prior_math_z_score##c.prior_math_z_score)
>         ;
{txt}
{com}. local peer_math_score_controls
>         i.year#(c.peer_prior_math_z_score##c.peer_prior_math_z_score##c.peer_prior_math_z_score)
>         ;
{txt}
{com}. local va_control_vars "`school_controls' `demographic_controls'" ;
{txt}
{com}. local va_control_vars : subinstr local va_control_vars "i." "", all ;
{txt}
{com}. local va_control_vars : list uniq va_control_vars ;
{txt}
{com}. local census_controls
>         /*eth_white_pct*/ eth_asian_pct eth_hispanic_pct eth_black_pct /*eth_other_pct*/
>         educ_hs_dropout_prop /*educ_deg_2year_prop*/ educ_deg_4year_plus_prop
>         pov_fam_child_lt18_pct
>         inc_median_hh
>         ;
{txt}
{com}. #delimit cr
{txt}delimiter now cr
{com}. {txt}
{com}. 
.  #delimit ;
{txt}delimiter now ;
{com}.  #delimit cr
{txt}delimiter now cr
{com}.  macro list
{txt}{p 0 16}
nscdtadir:{space 6}{res}{res}/home/research/ca_ed_lab/data/restricted_access/clean/nsc
{p_end}
{txt}{p 0 16}
cstdtadir:{space 6}{res}{res}/home/research/ca_ed_lab/data/restricted_access/clean/cst
{p_end}
{txt}{p 0 16}
vadtadir:{space 7}{res}{res}/home/research/ca_ed_lab/msnaven/common_core_va/data/sbac
{p_end}
{txt}{p 0 16}
projdir:{space 8}{res}{res}/home/research/ca_ed_lab/chesun/gsr/caschls
{p_end}
{txt}{p 0 16}
clndtadir:{space 6}{res}{res}/home/research/ca_ed_lab/data/restricted_access/clean/calschls
{p_end}
{txt}{p 0 16}
rawdtadir:{space 6}{res}{res}/home/research/ca_ed_lab/data/restricted_access/raw/calschls/stata
{p_end}
{txt}{p 0 16}
rawcsvdir:{space 6}{res}{res}/home/research/ca_ed_lab/data/restricted_access/raw/calschls/csv
{p_end}
{txt}{p 0 16}
S_level:{space 8}{res}{res}95
{p_end}
{txt}{p 0 16}
F1:{space 13}{res}{res}help advice;
{p_end}
{txt}{p 0 16}
F2:{space 13}{res}{res}describe;
{p_end}
{txt}{p 0 16}
F7:{space 13}{res}{res}save 
{p_end}
{txt}{p 0 16}
F8:{space 13}{res}{res}use 
{p_end}
{txt}{p 0 16}
S_ADO:{space 10}{res}{res}BASE;SITE;.;PERSONAL;PLUS;OLDPLACE
{p_end}
{txt}{p 0 16}
S_StataMP:{space 6}{res}{res}MP
{p_end}
{txt}{p 0 16}
S_StataSE:{space 6}{res}{res}SE
{p_end}
{txt}{p 0 16}
S_CONSOLE:{space 6}{res}{res}console
{p_end}
{txt}{p 0 16}
S_OS:{space 11}{res}{res}Unix
{p_end}
{txt}{p 0 16}
S_MACH:{space 9}{res}{res}PC (64-bit x86-64)
{p_end}
{txt}{p 0 16}
_census_controls:{break}
{res}eth_asian_pct eth_hispanic_pct eth_black_pct          educ_hs_dropout_prop  educ_deg_4year_plus_prop         pov_fam_child_lt18_pct         inc_median_hh
{p_end}
{txt}{p 0 16}
_va_control_vars:{break}
{res}age male eth_asian eth_hispanic eth_black eth_other econ_disadvantage limited_eng_prof disabled
{p_end}
{txt}{p 0 16}
_peer_math_score_controls:{break}
{res}i.year#(c.peer_prior_math_z_score##c.peer_prior_math_z_score##c.peer_prior_math_z_score)
{p_end}
{txt}{p 0 16}
_math_score_controls:{break}
{res}i.year#(c.prior_math_z_score##c.prior_math_z_score##c.prior_math_z_score)
{p_end}
{txt}{p 0 16}
_peer_ela_score_controls:{break}
{res}i.year#(c.peer_prior_ela_z_score##c.peer_prior_ela_z_score##c.peer_prior_ela_z_score)
{p_end}
{txt}{p 0 16}
_ela_score_controls:{break}
{res}i.year#(c.prior_ela_z_score##c.prior_ela_z_score##c.prior_ela_z_score)
{p_end}
{txt}{p 0 16}
_peer_demographic_controls:{break}
{res}peer_age         peer_male         peer_eth_asian peer_eth_hispanic peer_eth_black peer_eth_other         peer_econ_disadvantage         peer_limited_eng_prof         peer_disabled
{p_end}
{txt}{p 0 16}
_demographic_controls:{break}
{res}age         i.male         i.eth_asian i.eth_hispanic i.eth_black i.eth_other         i.econ_disadvantage         i.limited_eng_prof         i.disabled
{p_end}
{txt}{p 0 16}
_enr_4year_str:{space 1}{res}{res}Enrolled On Time 4-Year
{p_end}
{txt}{p 0 16}
_enr_2year_str:{space 1}{res}{res}Enrolled On Time 2-Year
{p_end}
{txt}{p 0 16}
_enr_str:{space 7}{res}{res}Enrolled On Time
{p_end}
{txt}{p 0 16}
_math_str:{space 6}{res}{res}Math
{p_end}
{txt}{p 0 16}
_ela_str:{space 7}{res}{res}ELA
{p_end}
{txt}{p 0 16}
_outcome_max_year:{break}
{res}2018
{p_end}
{txt}{p 0 16}
_outcome_min_year:{break}
{res}2015
{p_end}
{txt}{p 0 16}
_caaspp_max_year:{break}
{res}2019
{p_end}
{txt}{p 0 16}
_caaspp_min_year:{break}
{res}2015
{p_end}
{txt}{p 0 16}
_star_max_year:{space 1}{res}{res}2013
{p_end}
{txt}{p 0 16}
_star_min_year:{space 1}{res}{res}2003
{p_end}
{txt}{p 0 16}
_test_score_max_year:{break}
{res}2019
{p_end}
{txt}{p 0 16}
_test_score_min_year:{break}
{res}2015
{p_end}
{txt}{p 0 16}
_sibling_out_xwalk:{break}
{res}/home/research/ca_ed_lab/chesun/gsr/caschls/dta/siblingxwalk/sibling_out_xwalk
{p_end}
{txt}{p 0 16}
_k12_postsecondary_out_merge:{break}
{res}/home/research/ca_ed_lab/chesun/gsr/caschls/dta/common_core_va/k12_postsecondary_out_merge
{p_end}
{txt}{p 0 16}
_ufamilyxwalk:{space 2}{res}{res}/home/research/ca_ed_lab/chesun/gsr/caschls/dta/siblingxwalk/ufamilyxwalk
{p_end}
{txt}{p 0 16}
_siblingxwalk:{space 2}{res}{res}/home/research/ca_ed_lab/chesun/gsr/caschls/dta/siblingxwalk/siblingpairxwalk
{p_end}
{txt}{p 0 16}
_va_g11_out_dataset:{break}
{res}/home/research/ca_ed_lab/chesun/gsr/caschls/dta/common_core_va/va_g11_out_dataset
{p_end}
{txt}{p 0 16}
_va_g11_dataset:{break}
{res}/home/research/ca_ed_lab/chesun/gsr/caschls/dta/common_core_va/va_g11_dataset
{p_end}
{txt}{p 0 16}
_va_dataset:{space 4}{res}{res}/home/research/ca_ed_lab/chesun/gsr/caschls/dta/common_core_va/va_dataset
{p_end}
{txt}{p 0 16}
_k12_test_scores_public:{break}
{res}/home/research/ca_ed_lab/msnaven/data/public_access/clean/k12_test_scores
{p_end}
{txt}{p 0 16}
_k12_public_schools:{break}
{res}/home/research/ca_ed_lab/msnaven/data/public_access/clean/k12_public_schools
{p_end}
{txt}{p 0 16}
_public_access:{space 1}{res}{res}/home/research/ca_ed_lab/data/public_access
{p_end}
{txt}{p 0 16}
_k12_test_scores:{break}
{res}/home/research/ca_ed_lab/msnaven/data/restricted_access/clean/k12_test_scores
{p_end}
{txt}{p 0 16}
_ca_ed_lab:{space 5}{res}{res}/home/research/ca_ed_lab
{p_end}
{txt}{p 0 16}
_common_core_va:{break}
{res}/home/research/ca_ed_lab/msnaven/common_core_va
{p_end}
{txt}{p 0 16}
_mattdofiles:{space 3}{res}{res}/home/research/ca_ed_lab/msnaven/common_core_va/do_files/sbac
{p_end}
{txt}{p 0 16}
_matthomedir:{space 3}{res}{res}/home/research/ca_ed_lab/msnaven/common_core_va
{p_end}
{txt}
{com}. 
. 
.  timer on 1
{txt}
{com}. 
. 
. 
. ********************************************************************************
. ********* Spec test table without peer controls
. 
. 
. 
. foreach outcome in enr enr_2year enr_4year {c -(}
{txt}  2{com}.   estimates use $projdir/est/siblingvaregs/outcome_va/spec_test_va_cfr_g11_`outcome'_sibling.ster
{txt}  3{com}.   eststo
{txt}  4{com}. 
.   estimates use $projdir/est/siblingvaregs/outcome_va/spec_test_va_cfr_g11_`outcome'_sibling_nocontrol.ster
{txt}  5{com}.   eststo
{txt}  6{com}. 
.   estimates use estimates/sbac/spec_test_va_cfr_g11_`outcome'.ster
{txt}  7{com}.   eststo
{txt}  8{com}. 
. 
.   esttab using $projdir/out/csv/siblingvaregs/spec_test/spec_test_`outcome'.csv ///
>   , replace nonumbers  ///
>   mtitles("Original" "Sibling Sample" "Sibling Controls") ///
>   title("Spec Tests for ``outcome'_str' VA")
{txt}  9{com}. 
.   eststo clear
{txt} 10{com}. 
. {c )-}
{res}{txt}({res}est1{txt} stored)
{res}{txt}({res}est2{txt} stored)
{res}{txt}({res}est3{txt} stored)
{res}{txt}{p 0 4 2}
(file {bf}
/home/research/ca_ed_lab/chesun/gsr/caschls/out/csv/siblingvaregs/spec_test/spec_test_enr.csv{rm}
not found)
{p_end}
(output written to {browse  `"/home/research/ca_ed_lab/chesun/gsr/caschls/out/csv/siblingvaregs/spec_test/spec_test_enr.csv"'})
{res}{txt}({res}est1{txt} stored)
{res}{txt}({res}est2{txt} stored)
{res}{txt}({res}est3{txt} stored)
{res}{txt}{p 0 4 2}
(file {bf}
/home/research/ca_ed_lab/chesun/gsr/caschls/out/csv/siblingvaregs/spec_test/spec_test_enr_2year.csv{rm}
not found)
{p_end}
(output written to {browse  `"/home/research/ca_ed_lab/chesun/gsr/caschls/out/csv/siblingvaregs/spec_test/spec_test_enr_2year.csv"'})
{res}{txt}({res}est1{txt} stored)
{res}{txt}({res}est2{txt} stored)
{res}{txt}({res}est3{txt} stored)
{res}{txt}{p 0 4 2}
(file {bf}
/home/research/ca_ed_lab/chesun/gsr/caschls/out/csv/siblingvaregs/spec_test/spec_test_enr_4year.csv{rm}
not found)
{p_end}
(output written to {browse  `"/home/research/ca_ed_lab/chesun/gsr/caschls/out/csv/siblingvaregs/spec_test/spec_test_enr_4year.csv"'})

{com}. 
. 
. 
. 
. 
. 
. 
. 
. 
. 
. 
. 
. 
. 
. 
. 
. 
. 
. 
. 
.  timer off 1
{txt}
{com}.  log close
      {txt}name:  {res}<unnamed>
       {txt}log:  {res}/home/research/ca_ed_lab/chesun/gsr/caschls/log/share/siblingvaregs/va_sibling_out_spec_test_tab.smcl
  {txt}log type:  {res}smcl
 {txt}closed on:  {res}10 Nov 2021, 16:03:37
{txt}{.-}
{smcl}
{txt}{sf}{ul off}